1. Experiencing online book shopping/ Encountering shopping books
online/ Undergo with the state of shopping books online.

On account of various facts and advantages, online book shopping has
proved to be very fruitful.  We recommend that one should experience
online book shopping on the basis of its several beneficial effects.
Buying books online by simply sitting at your couch at your home has
been as convenient as compared to any other way to buy books.

Before you go out for online book shopping, you should take into mind
several points; likewise firstly price comparison from other sites. 

Before buying anything online, anyone visits for at least one or two
online shopping stores to find the best possible price that suits him.
The one that is comparatively low in price and fits his budget will be
chosen. In the process, you are put into experience of many ways of as
to how to buy books.

The another advantageous fact to buy books online that one can get it
either on COD mode( cash on delivery) or any other like payment via
debit card, credit card, pay tm , PayPal  or may be other transaction
medium. The whole process also involves a lot in experiencing online
book shopping.

We are enlisting a very important fact like while buying books online,
you may get several exchange offers, like in return of old books you can
get new ones.

Other miscellaneous examples are there like availability of several
discount coupons while buying books online. 

 We have reflected several important points that what one can experience
while buying books online. If you want to get more, stay in touch with
us!

 

